[2025-09-09 12:17:17,609: INFO: main]: Starting the main application...
[2025-09-13 21:08:42,546: INFO: common]: yaml file: config/config.yaml loaded successfully
[2025-09-13 21:08:42,551: INFO: common]: yaml file: params.yaml loaded successfully
[2025-09-13 21:08:42,558: INFO: common]: created directory at: artifacts
[2025-09-13 21:08:42,559: INFO: common]: created directory at: artifacts/data_ingestion
[2025-09-13 21:08:44,575: INFO: 1434958058]: artifacts/data_ingestion/data.zip download! with following info: 
Connection: close
Content-Length: 4248051
Cache-Control: max-age=300
Content-Security-Policy: default-src 'none'; style-src 'unsafe-inline'; sandbox
Content-Type: application/zip
ETag: "b79016b3ac86f631883cc46aa15a4138f04e2089ca928fe0c0fa71921d8bf424"
Strict-Transport-Security: max-age=31536000
X-Content-Type-Options: nosniff
X-Frame-Options: deny
X-XSS-Protection: 1; mode=block
X-GitHub-Request-Id: D600:2DD6B7:169942:3547B4:68C5DD5C
Accept-Ranges: bytes
Date: Sat, 13 Sep 2025 21:08:45 GMT
Via: 1.1 varnish
X-Served-By: cache-maa10234-MAA
X-Cache: MISS
X-Cache-Hits: 0
X-Timer: S1757797725.649382,VS0,VE643
Vary: Authorization,Accept-Encoding
Access-Control-Allow-Origin: *
Cross-Origin-Resource-Policy: cross-origin
X-Fastly-Request-ID: 124218e651690428cf2fc7bbc591e59b0198b1e0
Expires: Sat, 13 Sep 2025 21:13:45 GMT
Source-Age: 0


[2025-09-14 17:56:12,161: INFO: main]: >>>>>> stage Data Ingestion stage started <<<<<<
[2025-09-14 17:56:12,163: INFO: common]: yaml file: config/config.yaml loaded successfully
[2025-09-14 17:56:12,164: INFO: common]: yaml file: params.yaml loaded successfully
[2025-09-14 17:56:12,164: INFO: common]: created directory at: artifacts
[2025-09-14 17:56:12,164: INFO: common]: created directory at: artifacts/data_ingestion
[2025-09-14 17:56:12,164: INFO: data_ingestion]: File already exists of size: ~ 4148 KB
[2025-09-14 17:56:12,224: INFO: main]: >>>>>> stage Data Ingestion stage completed <<<<<<

x==========x
[2025-09-15 09:57:43,401: INFO: common]: yaml file: config/config.yaml loaded successfully
[2025-09-15 09:57:43,407: INFO: common]: yaml file: params.yaml loaded successfully
[2025-09-15 09:57:43,408: INFO: common]: created directory at: artifacts
[2025-09-15 09:57:43,413: INFO: common]: created directory at: artifacts/data_validation
[2025-09-15 17:51:50,477: INFO: main]: >>>>>> stage Data Ingestion stage started <<<<<<
[2025-09-15 17:51:50,479: INFO: common]: yaml file: config/config.yaml loaded successfully
[2025-09-15 17:51:50,479: INFO: common]: yaml file: params.yaml loaded successfully
[2025-09-15 17:51:50,479: INFO: common]: created directory at: artifacts
[2025-09-15 17:51:50,479: INFO: common]: created directory at: artifacts/data_ingestion
[2025-09-15 17:51:50,480: INFO: data_ingestion]: File already exists of size: ~ 4148 KB
[2025-09-15 17:51:50,554: INFO: main]: >>>>>> stage Data Ingestion stage completed <<<<<<

x==========x
[2025-09-15 17:51:50,555: INFO: main]: >>>>>> stage Data Validation stage started <<<<<<
[2025-09-15 17:51:50,555: INFO: common]: yaml file: config/config.yaml loaded successfully
[2025-09-15 17:51:50,556: INFO: common]: yaml file: params.yaml loaded successfully
[2025-09-15 17:51:50,556: INFO: common]: created directory at: artifacts
[2025-09-15 17:51:50,556: INFO: common]: created directory at: artifacts/data_validation
[2025-09-15 17:51:50,556: ERROR: main]: 'DataValidationConfig' object has no attribute 'local_data_file'
Traceback (most recent call last):
  File "/home/mayank/projects/machine-learning/Text-Summarizer/main.py", line 19, in <module>
    data_validation.main()
    ~~~~~~~~~~~~~~~~~~~~^^
  File "/home/mayank/projects/machine-learning/Text-Summarizer/src/text_summarizer/pipeline/data_validation.py", line 14, in main
    data_validation.download_file()
    ~~~~~~~~~~~~~~~~~~~~~~~~~~~~~^^
  File "/home/mayank/projects/machine-learning/Text-Summarizer/src/text_summarizer/components/data_ingestion.py", line 17, in download_file
    if not os.path.exists(self.config.local_data_file):
                          ^^^^^^^^^^^^^^^^^^^^^^^^^^^
AttributeError: 'DataValidationConfig' object has no attribute 'local_data_file'
[2025-09-15 17:59:14,579: INFO: main]: >>>>>> stage Data Ingestion stage started <<<<<<
[2025-09-15 17:59:14,581: INFO: common]: yaml file: config/config.yaml loaded successfully
[2025-09-15 17:59:14,582: INFO: common]: yaml file: params.yaml loaded successfully
[2025-09-15 17:59:14,582: INFO: common]: created directory at: artifacts
[2025-09-15 17:59:14,582: INFO: common]: created directory at: artifacts/data_ingestion
[2025-09-15 17:59:14,582: INFO: data_ingestion]: File already exists of size: ~ 4148 KB
[2025-09-15 17:59:14,651: INFO: main]: >>>>>> stage Data Ingestion stage completed <<<<<<

x==========x
[2025-09-15 17:59:14,651: INFO: main]: >>>>>> stage Data Validation stage started <<<<<<
[2025-09-15 17:59:14,652: INFO: common]: yaml file: config/config.yaml loaded successfully
[2025-09-15 17:59:14,652: INFO: common]: yaml file: params.yaml loaded successfully
[2025-09-15 17:59:14,652: INFO: common]: created directory at: artifacts
[2025-09-15 17:59:14,653: INFO: common]: created directory at: artifacts/data_validation
[2025-09-15 17:59:14,653: ERROR: main]: 'DataValidationConfig' object has no attribute 'local_data_file'
Traceback (most recent call last):
  File "/home/mayank/projects/machine-learning/Text-Summarizer/main.py", line 19, in <module>
    data_validation.main()
    ~~~~~~~~~~~~~~~~~~~~^^
  File "/home/mayank/projects/machine-learning/Text-Summarizer/src/text_summarizer/pipeline/data_validation.py", line 14, in main
    data_validation.download_file()
    ~~~~~~~~~~~~~~~~~~~~~~~~~~~~~^^
  File "/home/mayank/projects/machine-learning/Text-Summarizer/src/text_summarizer/components/data_ingestion.py", line 17, in download_file
    if not os.path.exists(self.config.local_data_file):
                          ^^^^^^^^^^^^^^^^^^^^^^^^^^^
AttributeError: 'DataValidationConfig' object has no attribute 'local_data_file'
[2025-09-15 18:01:45,742: INFO: main]: >>>>>> stage Data Ingestion stage started <<<<<<
[2025-09-15 18:01:45,742: INFO: common]: yaml file: config/config.yaml loaded successfully
[2025-09-15 18:01:45,743: INFO: common]: yaml file: params.yaml loaded successfully
[2025-09-15 18:01:45,743: INFO: common]: created directory at: artifacts
[2025-09-15 18:01:45,743: INFO: common]: created directory at: artifacts/data_ingestion
[2025-09-15 18:01:45,743: INFO: data_ingestion]: File already exists of size: ~ 4148 KB
[2025-09-15 18:01:45,803: INFO: main]: >>>>>> stage Data Ingestion stage completed <<<<<<

x==========x
[2025-09-15 18:01:45,803: INFO: main]: >>>>>> stage Data Validation stage started <<<<<<
[2025-09-15 18:01:45,804: INFO: common]: yaml file: config/config.yaml loaded successfully
[2025-09-15 18:01:45,805: INFO: common]: yaml file: params.yaml loaded successfully
[2025-09-15 18:01:45,805: INFO: common]: created directory at: artifacts
[2025-09-15 18:01:45,805: INFO: common]: created directory at: artifacts/data_validation
[2025-09-15 18:01:45,809: INFO: main]: >>>>>> stage Data Validation stage completed <<<<<<

x==========x
[2025-09-15 21:43:00,805: INFO: common]: yaml file: config/config.yaml loaded successfully
[2025-09-15 21:43:00,808: INFO: common]: yaml file: params.yaml loaded successfully
[2025-09-15 21:43:00,809: INFO: common]: created directory at: artifacts
[2025-09-15 21:43:00,813: INFO: common]: created directory at: artifacts/data_transformation
[2025-09-15 22:20:28,371: INFO: main]: >>>>>> stage Data Ingestion stage started <<<<<<
[2025-09-15 22:20:28,373: INFO: common]: yaml file: config/config.yaml loaded successfully
[2025-09-15 22:20:28,374: INFO: common]: yaml file: params.yaml loaded successfully
[2025-09-15 22:20:28,374: INFO: common]: created directory at: artifacts
[2025-09-15 22:20:28,374: INFO: common]: created directory at: artifacts/data_ingestion
[2025-09-15 22:20:28,374: INFO: data_ingestion]: File already exists of size: ~ 4148 KB
[2025-09-15 22:20:28,453: INFO: main]: >>>>>> stage Data Ingestion stage completed <<<<<<

x==========x
[2025-09-15 22:20:28,453: INFO: main]: >>>>>> stage Data Validation stage started <<<<<<
[2025-09-15 22:20:28,454: INFO: common]: yaml file: config/config.yaml loaded successfully
[2025-09-15 22:20:28,454: INFO: common]: yaml file: params.yaml loaded successfully
[2025-09-15 22:20:28,455: INFO: common]: created directory at: artifacts
[2025-09-15 22:20:28,455: INFO: common]: created directory at: artifacts/data_validation
[2025-09-15 22:20:28,458: INFO: main]: >>>>>> stage Data Validation stage completed <<<<<<

x==========x
[2025-09-15 22:20:28,458: INFO: main]: >>>>>> stage Data Transformation stage started <<<<<<
[2025-09-15 22:20:28,459: INFO: common]: yaml file: config/config.yaml loaded successfully
[2025-09-15 22:20:28,459: INFO: common]: yaml file: params.yaml loaded successfully
[2025-09-15 22:20:28,460: INFO: common]: created directory at: artifacts
[2025-09-15 22:20:28,460: INFO: common]: created directory at: artifacts/data_transformation
[2025-09-15 22:20:31,686: INFO: main]: >>>>>> stage Data Transformation stage completed <<<<<<

x==========x
[2025-09-16 15:27:43,774: INFO: common]: yaml file: config/config.yaml loaded successfully
[2025-09-16 15:27:43,777: INFO: common]: yaml file: params.yaml loaded successfully
[2025-09-16 15:27:43,778: INFO: common]: created directory at: artifacts
[2025-09-16 15:27:43,779: INFO: common]: created directory at: artifacts/model_trainer
[2025-09-16 15:57:11,132: INFO: common]: yaml file: config/config.yaml loaded successfully
[2025-09-16 15:57:11,135: INFO: common]: yaml file: params.yaml loaded successfully
[2025-09-16 15:57:11,135: INFO: common]: created directory at: artifacts
[2025-09-16 15:57:11,136: INFO: common]: created directory at: artifacts/model_trainer
[2025-09-16 15:58:06,070: INFO: common]: yaml file: config/config.yaml loaded successfully
[2025-09-16 15:58:06,072: INFO: common]: yaml file: params.yaml loaded successfully
[2025-09-16 15:58:06,073: INFO: common]: created directory at: artifacts
[2025-09-16 15:58:06,074: INFO: common]: created directory at: artifacts/model_trainer
[2025-09-16 15:58:44,164: INFO: common]: yaml file: config/config.yaml loaded successfully
[2025-09-16 15:58:44,165: INFO: common]: yaml file: params.yaml loaded successfully
[2025-09-16 15:58:44,166: INFO: common]: created directory at: artifacts
[2025-09-16 15:58:44,167: INFO: common]: created directory at: artifacts/model_trainer
[2025-09-16 15:59:57,031: INFO: common]: yaml file: config/config.yaml loaded successfully
[2025-09-16 15:59:57,033: INFO: common]: yaml file: params.yaml loaded successfully
[2025-09-16 15:59:57,034: INFO: common]: created directory at: artifacts
[2025-09-16 15:59:57,034: INFO: common]: created directory at: artifacts/model_trainer
[2025-09-16 18:20:01,806: INFO: common]: yaml file: config/config.yaml loaded successfully
[2025-09-16 18:20:01,808: INFO: common]: yaml file: params.yaml loaded successfully
[2025-09-16 18:20:01,808: INFO: common]: created directory at: artifacts
[2025-09-16 18:20:01,809: INFO: common]: created directory at: artifacts/model_trainer
[2025-09-16 18:25:37,476: INFO: common]: yaml file: config/config.yaml loaded successfully
[2025-09-16 18:25:37,480: INFO: common]: yaml file: params.yaml loaded successfully
[2025-09-16 18:25:37,480: INFO: common]: created directory at: artifacts
[2025-09-16 18:25:37,481: INFO: common]: created directory at: artifacts/model_trainer
[2025-09-16 18:30:33,680: INFO: common]: yaml file: config/config.yaml loaded successfully
[2025-09-16 18:30:33,682: INFO: common]: yaml file: params.yaml loaded successfully
[2025-09-16 18:30:33,683: INFO: common]: created directory at: artifacts
[2025-09-16 18:30:33,684: INFO: common]: created directory at: artifacts/model_trainer
[2025-09-16 18:48:40,900: INFO: common]: yaml file: config/config.yaml loaded successfully
[2025-09-16 18:48:40,902: INFO: common]: yaml file: params.yaml loaded successfully
[2025-09-16 18:48:40,902: INFO: common]: created directory at: artifacts
[2025-09-16 18:48:40,903: INFO: common]: created directory at: artifacts/model_trainer
[2025-09-16 18:53:01,195: INFO: common]: yaml file: config/config.yaml loaded successfully
[2025-09-16 18:53:01,197: INFO: common]: yaml file: params.yaml loaded successfully
[2025-09-16 18:53:01,198: INFO: common]: created directory at: artifacts
[2025-09-16 18:53:01,199: INFO: common]: created directory at: artifacts/model_trainer
